hello world

/fake/resources/foo.js
/fake/hello/world
