<!DOCTYPE html>

<html>
    <head>
        <title>Spring beans resolution</title>
        <meta charset="utf-8" />
        <script type="text/javascript" src="/fake/resources/foo.js"></script>
    </head>
    <body>
        <h1 class="title">hello world</h1>
        <a href="/fake/hello/world">Get Data Param</a>
    </body>
</html>
