<!DOCTYPE html>

<html>
    <head>
        <title>Static method calls</title>
        <meta charset="utf-8" />
    </head>
    <body>
        <h1 class="title">hello world</h1>
        <p>Hello world</p>
    </body>
</html>
