# Jakarta Mail POP3 provider Oracle
protocol=pop3; type=store; class=package-prefix-for-eclipse.org.eclipse.angus.mail.pop3.POP3Store; vendor=Oracle;
protocol=pop3s; type=store; class=package-prefix-for-eclipse.org.eclipse.angus.mail.pop3.POP3SSLStore; vendor=Oracle;
