# Jakarta Mail IMAP provider Oracle
protocol=imap; type=store; class=package-prefix-for-sun.com.sun.mail.imap.IMAPStore; vendor=Oracle;
protocol=imaps; type=store; class=package-prefix-for-sun.com.sun.mail.imap.IMAPSSLStore; vendor=Oracle;
# Jakarta Mail SMTP provider Oracle
protocol=smtp; type=transport; class=package-prefix-for-sun.com.sun.mail.smtp.SMTPTransport; vendor=Oracle;
protocol=smtps; type=transport; class=package-prefix-for-sun.com.sun.mail.smtp.SMTPSSLTransport; vendor=Oracle;
# Jakarta Mail POP3 provider Oracle
protocol=pop3; type=store; class=package-prefix-for-sun.com.sun.mail.pop3.POP3Store; vendor=Oracle;
protocol=pop3s; type=store; class=package-prefix-for-sun.com.sun.mail.pop3.POP3SSLStore; vendor=Oracle;
