<!DOCTYPE html PUBLIC "-//W3C//DTD XHTML 1.0 Transitional//EN" "http://www.w3.org/TR/xhtml1/DTD/xhtml1-transitional.dtd">
<html xmlns="http://www.w3.org/1999/xhtml">
<head>
<meta http-equiv="Content-Type" content="text/html; charset=UTF-8" />
<title>Demystifying Email Design</title>
<meta name="viewport" content="width=device-width, initial-scale=1.0"/>
</head>
<body>
	<div class="absolute-url-1" style="background: url('http://absolute-url');"></div>
	<div class="absolute-url-2" style="background: url(&quot;http://absolute-url&quot;);"></div>
	<div class="absolute-url-3" style="background: url(http://absolute-url);"></div>

	<div class="absolute-path-1" style="background: url('/absolute/path');"></div>
	<div class="absolute-path-2" style="background: url(&quot;/absolute/path&quot;);"></div>
	<div class="absolute-path-3" style="background: url(/absolute/path);"></div>
	
	<div class="absolute-file-1" style="background: url('file:///absolute/path');"></div>
	<div class="absolute-file-2" style="background: url(&quot;file:///absolute/path&quot;);"></div>
	<div class="absolute-file-3" style="background: url(file:///absolute/path);"></div>
	<div class="absolute-file-4" style="background: url('file:/absolute/path');"></div>
	<div class="absolute-file-5" style="background: url(&quot;file:/absolute/path&quot;);"></div>
	<div class="absolute-file-6" style="background: url(file:/absolute/path);"></div>
	<div class="absolute-file-7" style="background: url('file:absolute/path');"></div>
	<div class="absolute-file-8" style="background: url(&quot;file:absolute/path&quot;);"></div>
	<div class="absolute-file-9" style="background: url(file:absolute/path);"></div>
	
	<div class="absolute-classpath-1" style="background: url('classpath:/absolute/path');"></div>
	<div class="absolute-classpath-2" style="background: url(&quot;classpath:/absolute/path&quot;);"></div>
	<div class="absolute-classpath-3" style="background: url(classpath:/absolute/path);"></div>
	<div class="absolute-classpath-4" style="background: url('classpath:absolute/path');"></div>
	<div class="absolute-classpath-5" style="background: url(&quot;classpath:absolute/path&quot;);"></div>
	<div class="absolute-classpath-6" style="background: url(classpath:absolute/path);"></div>

	<div class="relative-path-1" style="background: url('css/relative/path');"></div>
	<div class="relative-path-2" style="background: url(&quot;css/relative/path&quot;);"></div>
	<div class="relative-path-3" style="background: url(css/relative/path);"></div>
	<div class="relative-path-4" style="background: url('css/relative/path');"></div>
	<div class="relative-path-5" style="background: url(&quot;css/relative/path&quot;);"></div>
	<div class="relative-path-6" style="background: url(css/relative/path);"></div>
	<div class="relative-path-7" style="background: url('relative/path');"></div>
	<div class="relative-path-8" style="background: url(&quot;relative/path&quot;);"></div>
	<div class="relative-path-9" style="background: url(relative/path);"></div>
	
	<div class="relative-path-special-chars-1" style="background: 		no-repeat bottom center url('images/le\'ft.gif');"></div>
	<div class="relative-path-special-chars-2" style="background: 		no-repeat top center url(			&quot;images/h(1).gif&quot;		);"></div>



	<div class="style-absolute-url-1" style="background: url('http://absolute-url');"></div>
	<div class="style-absolute-url-2" style="background: url(&quot;http://absolute-url&quot;);"></div>
	<div class="style-absolute-url-3" style="background: url(http://absolute-url);"></div>

	<div class="style-absolute-path-1" style="background: url('/absolute/path');"></div>
	<div class="style-absolute-path-2" style="background: url(&quot;/absolute/path&quot;);"></div>
	<div class="style-absolute-path-3" style="background: url(/absolute/path);"></div>
	
	<div class="style-absolute-file-1" style="background: url('file:///absolute/path');"></div>
	<div class="style-absolute-file-2" style="background: url(&quot;file:///absolute/path&quot;);"></div>
	<div class="style-absolute-file-3" style="background: url(file:///absolute/path);"></div>
	<div class="style-absolute-file-4" style="background: url('file:/absolute/path');"></div>
	<div class="style-absolute-file-5" style="background: url(&quot;file:/absolute/path&quot;);"></div>
	<div class="style-absolute-file-6" style="background: url(file:/absolute/path);"></div>
	<div class="style-absolute-file-7" style="background: url('file:absolute/path');"></div>
	<div class="style-absolute-file-8" style="background: url(&quot;file:absolute/path&quot;);"></div>
	<div class="style-absolute-file-9" style="background: url(file:absolute/path);"></div>
	
	<div class="style-absolute-classpath-1" style="background: url('classpath:/absolute/path');"></div>
	<div class="style-absolute-classpath-2" style="background: url(&quot;classpath:/absolute/path&quot;);"></div>
	<div class="style-absolute-classpath-3" style="background: url(classpath:/absolute/path);"></div>
	<div class="style-absolute-classpath-4" style="background: url('classpath:absolute/path');"></div>
	<div class="style-absolute-classpath-5" style="background: url(&quot;classpath:absolute/path&quot;);"></div>
	<div class="style-absolute-classpath-6" style="background: url(classpath:absolute/path);"></div>

	<div class="style-relative-path-1" style="background: url('relative/path');"></div>
	<div class="style-relative-path-2" style="background: url(&quot;relative/path&quot;);"></div>
	<div class="style-relative-path-3" style="background: url(relative/path);"></div>
	<div class="style-relative-path-4" style="background: url('./relative/path');"></div>
	<div class="style-relative-path-5" style="background: url(&quot;./relative/path&quot;);"></div>
	<div class="style-relative-path-6" style="background: url(./relative/path);"></div>
	<div class="style-relative-path-7" style="background: url('../relative/path');"></div>
	<div class="style-relative-path-8" style="background: url(&quot;../relative/path&quot;);"></div>
	<div class="style-relative-path-9" style="background: url(../relative/path);"></div>
	
	<div class="style-relative-path-special-chars-1" style="background: 		no-repeat bottom center url('../images/le\'ft.gif');"></div>
	<div class="style-relative-path-special-chars-2" style="background: 		no-repeat top center url(			&quot;../images/h(1).gif&quot;		);"></div>
</body>
</html>