{
  "from": {
    "name": "SENDER",
    "email": "from@example.com"
  },
  "subject": "Example email",
  "personalizations": [
    {
      "to": [
        {
          "email": "to.1@yopmail.com"
        }
      ]
    }
  ],
  "content": [
    {
      "type": "text/plain",
      "value": "This is a default content."
    }
  ]
}