<!DOCTYPE html>

<html>
    <head>
        <title>Spring beans resolution</title>
        <meta charset="utf-8" />
    </head>
    <body>
        <h1 class="title">hello world</h1>
    </body>
</html>
