<!DOCTYPE html PUBLIC "-//W3C//DTD XHTML 1.0 Transitional//EN" "http://www.w3.org/TR/xhtml1/DTD/xhtml1-transitional.dtd">
<html xmlns="http://www.w3.org/1999/xhtml">
 <head> 
  <meta http-equiv="Content-Type" content="text/html; charset=UTF-8"> 
  <title>Test image formats (gif, png, jpg, ...)</title> 
 </head> 
 <body> 
  <img src="data:image/png;base64,iVBORw0KGgoAAAANSUhEUgAAACAAAAAgCAIAAAD8GO2jAAAABGdBTUEAALGPC/xhBQAAACBjSFJNAAB6JgAAgIQAAPoAAACA6AAAdTAAAOpgAAA6mAAAF3CculE8AAAABmJLR0QA/wD/AP+gvaeTAAAAB3RJTUUH4wsHCBYdx45CkgAACOtJREFUSMct00mPZOlVgOFzvvGOETcicuwauik3VYWxN5bpxrRoWxjJG1YsYcefYYXEHskSC5BYsGKDVwwSsgTI2MLdBtrVdFVlZVVGZsZw5286h4WR3p/wvLj66I9BaqEMSi1+lRIopZSsFCqLWoNVorRmvWguzh9848mjp+81n7/ef/HqzctXX25vt8PsQqAQOXpOkQCAGZiRmJlIAQAQcYoAwMzMiVkya4EaUEttTWnzQpdFvmzWm5OzVdMs67ppeDG4epx6FmkYeIw8eeJIHChF4sRETIkpKdCZkBqlQWWkVFJKqQQqKbUxRZZVRVHmiyrbVMVF0zxcrc/relnmZyXta3dcToODCC3RxGlMcWYCFEIQMQMRMyXF45GkFtqizljnhLkQVtrK1E25Wi3Xi9WqOmvyB3XxwSJ/vMwuVnZRqifnyihTlYv1yYPrfb899vt937f9PPZxnpKfY/AQHQWvBBBwwuQRAAAAgYViDcC5Fk1h1uuiOl8Wl6vsfKHXpawKaTXWFZ6xDMISFgAV0Rh979zee4kiITtBCVIE8kqaAqVGZYXJlClktlRlo+vTfHlZb043q/p0aS+X+rJRq1IUGVqDWmFuRc24AZxJzFG7VI6pHilLUqPSUWfS9cmPHJxCIYW20pQyq1Wx1OVG1yeqPstWl8v1cr3SpytxuhbLNSwMFBq0QgGoMygVOK2CUV7YSUAnUi+qYAswheyLOLXCtckNSm4ey6xS+VIWS1U0umpUtVTVKmuaaqWXa1xtMFuxziDXkEmUABoJAK3GErmTUAk8UzBYdaerLpeyzGioxTjw1LEblDl9X2YLWa5ksbJVk1d1VWdlZZZL/XCDj1fwXskXGWwMLARaBAEgAAWAQkAFAtGWYCTLCrDCZp91gx7HxTD4cZynoVfl6Qe62th6s1w0TZWfLEVTw6LmRQlnCz6zeCr5VGMmUCNIAPx/CqAADOBCcGYhQ15ZOM/5VQUHJw+96oZi31E/najLTQMIufGlHHMONlnhJCs0SsARRc1jgTOxBkgIKEAj/upVAk6AnriLEBMc9tx63G7jL98GBWEYoo9pGjp5/vRjyUAxHnYHArOb5PUh5gVG0l+9FasKOAITSIMsQAhwBI4AEAJgn7j1cNfjmzt4sRWfXeNnr+P9MfI8vr7ZgcyG6y8UuGme3NhtbVYYm4euV8b+1+eYF2Whq3/s81LyaYGPN3C2hCqDykKmkYC7ibdH/nILX27T/RD6ECfv57kHP10NvRDQXb1tb9+o4B3vXsYkkl3M/UHavKg3DuSRd1W17MqVEuZKyf95oy8qedHgwzXWGc8Bbo/w5gBv23RzHGMch6Gdu9v+7tU47FNyxJRA2qpRb69eKqUlMhDYqiFb9sc7ldXS5N00hH4o84Jt7kw+h3w3qzd7zI2YPXdTOoz+OAyuP0Tftcebqd9RHLIiA7Xcb684diEc1fnC2uXmcOxC5P6wk2bS48SAyGCKhpYnlC+VqaXJW6HvjZYmF0g6U8l5IZzi4HESeYqHeOyORZkxiv6w7+/fJddLW6jROWQwZeX2e4ojIK8efE0riSnk5UIZI0VgOqTx2Pbj2aP3lQAGCG4I48xa+RCDc/e314e76+jGqd1yClqhLSvOcqWE2t5clwnyovJjSxR56m+/+gUKKchJWyqVRRJKWVQaVTa+cKZoQFmJgtIwudFUmzDcj92uWNTGNBxDdGO9qO+u/3dq7wii+o1nX78ffL+7AUpIbJv3IHrgwPV5RNDCh6AipEzpYmn9eJSIALq9uw3uiAKGd7/wzkmpTNNMk2cm1/e7N7+M/Q6TpxDkg8e//vT5t7ZeZjZTWgtbJG2JwzCN3o19exBxBOBEtL58WJ9ctP04jcPY3sXxHpB9e5/8SDFM7S4MbegOU3fA5AQIZkIB8nby+eJ09mHu7qb+kLr7r62qbz46f36++bV1bQD3k3PECNQfd/M4ZHG8f/dV6O5YybOLzTy74DwhMyJH54f9adM8ffaNfXdI0SU/4ubbf8gJMAWQ8snjD//kBz/43kfP103VtaHI5dC1P/7ZF3/9D/965efBkSR6UInbCW+2N9oYoSSjFfkiuQE4KZ254835xaPd65/17a0qzyF6rD/8nlRS5Ysnz7/10bc/pfn4+u7ODYOw1eVq9fC9Bx8/O23i/Kd/9Xc/eXk1u76/f12tHypdcPQEUhqLUknkeeoJpUaANIPbK1OAzIEiLp9+qrJK1Cen54/bV59dvfhPROJxj0Uj81XWXKw//M7vffLd77/f/O2P/v5fXlwJJVFIBqFsJhD8NPihnb17dLLe1PV923ZDD8pSimnufPQyP30ijQ3T8d3n/3x894URSXDC+aiUgWkfd1+57ublbvjkt77z7Gz9k6trWzdMMvT3RVGkeUhjK7T9o9///h/8zsfa6LKs7oZh7HYcZwhDmWeyunzGQs7HG0heZSVqyykyAGoLCBA9Rd+/+fnVgL/725+6dn/19g1NvQiza+/i3AdKn/zmN0/W1Z/9xZ//+N/+6eXL/yZAlgY5AoqT1UpkqwuQilJAIQGAphaEQFuQH8EWoDNQWkP66Y9++O8//+njptq9fuG6WwJOUtuiQCbQ8i//5ofRDct6JZV1hy0zyawWtrze7eTy6XeJkzu8ZUpAkYNHlEIqjh6YUWecAposkT848M0H+/3Wp0Qp2GoTE6Xkt/u70N8rUxAKYBBSopBxOMS5ZT8qcl2cB0BErYGVAKSpZ5aQEmBidkIbUEYZev3iPzpRpeAlJkoR2KuyRkjOT6AsuQFVBsqIYgnjLg0tIgKCbB59nSj58QgxAAAwAQCiAAa0ubAFKgtMgAKFZCElQp7nkSi5mYjyeu37PTFLW4ApUJnU75CBEcmNAlERSpVXqCy5EYUAQJQaENDmQAQATAmVASaRVSZb6HwxtTcpOiDiuT0cb8iPCJQYiJKgmNyoHj5XnKbjTfKsnBuRSdmS3UAUOQVgEDYDpSElDh6AAVFIK00ZxgOnEOeeYkAEYKIYiJJSWiKGMDNFKYV/+4I5MhMg/h/982aVy3TRYwAAACt0RVh0Q29tbWVudABSZXNpemVkIG9uIGh0dHBzOi8vZXpnaWYuY29tL3Jlc2l6ZUJpjS0AAAAldEVYdGRhdGU6Y3JlYXRlADIwMTktMTEtMDdUMDg6MjI6MjQrMDA6MDArnsebAAAAJXRFWHRkYXRlOm1vZGlmeQAyMDE5LTExLTA3VDA4OjIyOjI0KzAwOjAwWsN/JwAAABJ0RVh0U29mdHdhcmUAZXpnaWYuY29toMOzWAAAAABJRU5ErkJggg=="> 
  <img src="data:image/gif;base64,R0lGODlhFgAMAPcAAAAAAG9EKxEAADMiA0QiADMRAGYzAFUiACIRAAAAEapmEREREVUzAGYzERERIohVEVUzEcx5M7t3IplVEYhEEXdEEdeJTd2IKMx3IqpVEe6ZM7tmIv+qM/SWTN13Iu6IM///1KpmImZEEf/+s/3OskQiExERANetcv//7rt4VapmRP///yIiM5lVIrt3RLtmEf/PjdWPbFUiEal3Vf+xTIVVM7t3M9rAtv/0denMdf+ZM5lmMJlVM4hEACIiRNfAkLtmMyIAAFNEMZlmBOuqlAAREVJqkhERM2ZmqjNGcCI0VQARImh2uEdSkSkzazNFje6IIl9z0hEiSHOJ2FNntGJ37ioziLt3EZCq/f/7kopVSLqJcf/TcXBNSKl3RDM0RMx3SfGZav3T1P2ybZdmTBEiLapmM6pmVpiPlrN3aJJsbHczAEQzEad4IodVIq+1vqpVIt13NGYzJVEzKdesUNbQ2IhEIlWIwQARADM6VUdMbxEAEf/u5uieAAAAIiIRJbtmRCIREfrX99ex0CI0RO68O2trk3dEAO6qP3czESIiIiIiV0RUrnKO98x3Ecx5ABEjZruIAf+/MxARRNPF+TMREUkzSO2ZEe6ZIt2ID5lVAP+qIv+ZIuzu6Knd/d13Ef+7Iu6qIu6IEYhVAKp3ANmmJkZESWxUbJN1kXeu9dWjAVVVVWZVi/6zC3dVETMiIm9ubzMzMyEzM4hVZ//u/2WtvoLT2Edpc2SVpXS9ukSJm2CIhTUiM6pVAHFnUnywz8n9/2ZEAHZnMKpmAP/RS7tmALt3AMxmETMzIql4MwARM6l3EZlEEe68GUQRAO7////bGv+ZEXdVAGZVH5lEADMiRP/2OsxmIlREEBEAIs/x2btmVenu/+j/6QAAAAAAAAAAAAAAAAAAAAAAAAAAAAAAAAAAAAAAAAAAAAAAAAAAAAAAAAAAAAAAAAAAAAAAAAAAAAAAAAAAAAAAAAAAAAAAAAAAAAAAAAAAAAAAAAAAAAAAAAAAAAAAAAAAAAAAACH/C05FVFNDQVBFMi4wAwEAAAAh/wtYTVAgRGF0YVhNUDw/eHBhY2tldCBiZWdpbj0i77u/IiBpZD0iVzVNME1wQ2VoaUh6cmVTek5UY3prYzlkIj8+IDx4OnhtcG1ldGEgeG1sbnM6eD0iYWRvYmU6bnM6bWV0YS8iIHg6eG1wdGs9IkFkb2JlIFhNUCBDb3JlIDUuNi1jMTQwIDc5LjE2MDQ1MSwgMjAxNy8wNS8wNi0wMTowODoyMSAgICAgICAgIj4gPHJkZjpSREYgeG1sbnM6cmRmPSJodHRwOi8vd3d3LnczLm9yZy8xOTk5LzAyLzIyLXJkZi1zeW50YXgtbnMjIj4gPHJkZjpEZXNjcmlwdGlvbiByZGY6YWJvdXQ9IiIgeG1sbnM6eG1wPSJodHRwOi8vbnMuYWRvYmUuY29tL3hhcC8xLjAvIiB4bWxuczp4bXBNTT0iaHR0cDovL25zLmFkb2JlLmNvbS94YXAvMS4wL21tLyIgeG1sbnM6c3RSZWY9Imh0dHA6Ly9ucy5hZG9iZS5jb20veGFwLzEuMC9zVHlwZS9SZXNvdXJjZVJlZiMiIHhtcDpDcmVhdG9yVG9vbD0iQWRvYmUgUGhvdG9zaG9wIENDIChNYWNpbnRvc2gpIiB4bXBNTTpJbnN0YW5jZUlEPSJ4bXAuaWlkOjczMjJGMTdEN0UzMDExRThCNzdBQjFCQUJFOTI2MTVBIiB4bXBNTTpEb2N1bWVudElEPSJ4bXAuZGlkOjczMjJGMTdFN0UzMDExRThCNzdBQjFCQUJFOTI2MTVBIj4gPHhtcE1NOkRlcml2ZWRGcm9tIHN0UmVmOmluc3RhbmNlSUQ9InhtcC5paWQ6NzMyMkYxN0I3RTMwMTFFOEI3N0FCMUJBQkU5MjYxNUEiIHN0UmVmOmRvY3VtZW50SUQ9InhtcC5kaWQ6NzMyMkYxN0M3RTMwMTFFOEI3N0FCMUJBQkU5MjYxNUEiLz4gPC9yZGY6RGVzY3JpcHRpb24+IDwvcmRmOlJERj4gPC94OnhtcG1ldGE+IDw/eHBhY2tldCBlbmQ9InIiPz4B//79/Pv6+fj39vX08/Lx8O/u7ezr6uno5+bl5OPi4eDf3t3c29rZ2NfW1dTT0tHQz87NzMvKycjHxsXEw8LBwL++vby7urm4t7a1tLOysbCvrq2sq6qpqKempaSjoqGgn56dnJuamZiXlpWUk5KRkI+OjYyLiomIh4aFhIOCgYB/fn18e3p5eHd2dXRzcnFwb25tbGtqaWhnZmVkY2JhYF9eXVxbWllYV1ZVVFNSUVBPTk1MS0pJSEdGRURDQkFAPz49PDs6OTg3NjU0MzIxMC8uLSwrKikoJyYlJCMiISAfHh0cGxoZGBcWFRQTEhEQDw4NDAsKCQgHBgUEAwIBAAAh/iNSZXNpemVkIG9uIGh0dHBzOi8vZXpnaWYuY29tL3Jlc2l6ZQAh+QQFAwA0ACwAAAAAFgAMAAAIiQABCBxIEEASJAkKKlwIgEkThhAHPlESkSACCBWCEUDwZElFARBCPLqCwQWdE0QeNDBQAGKBBxj6XPDyQ0ydEXQiXJJQQcBCBA1abJigAIOFoxg8YHhEAQFDAQMYQGgQgMKDCRMeVGBZEUATHwIQFCiAoKzPiAmQsGDoIKIDtQsVfYnIoklCiAEBACH5BAUDADgALAAAAAAWAAwAAAhmAHEIHEgQxxMjBRMqFIgE4cKHAxdBLFhCBAMEApJMVBjBgsAWBg4ImHjhkseBWWLY6HMlAICHcELgeDEwQoQLHjBUgFgAAgMcFR5MEDiBQoONAlkIHDCgQAGkOKgcgZqQCtWrAgMCACH5BAUDADAALAAAAAAWAAwAAAhwAGEIHEgQhhEkBRMqFPhkoUOCTZw8JCigAIQBAgDA8DMRAAEFMCQMjHECBgMCEyfA6BNhBoxOMEhsAXJBgYGFBWC0UCkhAgw6FgReeHToIQEGBwJQKPigwoCJMJLAQFAgJ9SBGllcVYjkyFaFDh4GBAAh+QQFAwAiACwAAAAAFgAMAAAIYgBFCBxIUEQTJgUTKhSYpMnChwOfJIFIEACCAQgAiLBCceAQgmAsxAghooBGih8E5hgYyYxABhAnCMQgIoZACyk/VRAA8QDMBwQ1jRJBoKMeHwKLFhVxsuNCRR3LOFVohGJAACH5BAUDACsALAAAAAAWAAwAAAhgAFcIHEhwRZI7BRMqXMhQoZWGCQUgECDwiQOIKwa0wLBCwgobEbasMICg4QCBfVZ4IcFnYIsIEwhgJHiCYKYeDEsSMFChoIIJFGYmqZZxBYESMwU2mZQ0IZUjTQlChRgQACH5BAUDADQALAAAAAAWAAwAAAhcAGkIHEiQhpKCCBMqXKgwCUOEACIKbHLkIY0CDxwJxEDDBo0WFgdeoKECoQQaAx5SyEDDwolCNC5oEEghJI0JEwQqoMGShgCLX1KWKEHApsCKRgcuSIqwSRmGAQEAIfkEBQMAMwAsAAAAABYADAAACF4AZwgcSHCGFCpFCipcOMMJEoYQI0qcqBABhStXZkgoKCAigYEYBt4Q+EDBjAIQAzyYoWCjQDoWZvSZsXKhgAEzDiQquOHFi5oSnQgsQQDCwI4TfTB0QLGpQiNMIQYEACH5BAUDADMALAAAAAAWAAwAAAhsAGcIHEhwhg8kSwoqXDhDz50EDCMKfCKxohEfFQVWmCFBYIiODxpkVNBnhg0XMzoRnPAAwUIBAimMejEjBpEcAqFgetQjYoEBDCpQaDEjQ4grAidknJHHEgECDAgGWSplqcIESMpYLVimScWAACH5BAUDADIALAAAAAAWAAwAAAhrAGUIHEhQxiQZDgoqXMiwocImTxw6TCJFogwBMjaQerHBTAg0FRgAsEjwhxiBYGRUqIBxIYGVE65EkJFDYIQLGlQyNDGAgAEZDyYIVODI0ZUMFjHmkQEBgkACAxCQ9EFSYZE7S6sSPGJEYkAAIfkEBQMAOQAsAAAAABYADAAACGgAcwgcSDDHESpHCipcmEMJoyIMIw5sIrGixRwmAigIEWJjDlQiCFy8tNBCjmAGKh7K4SjHCRgEO+RYuRBBgRxrckzIkUHBBgw5Him4qGdVCYENjh4oIKCiET0Em15M0CThxYKykFQMCAAh+QQFAwAuACwAAAAAFgAMAAAIZwBdCBxI0EUZJCwKKlzowgeSBAwjCnyCRKJEK4ssuhDQwIUCBSFcDHExB4HGkC42DPxxQ6ABAhFLuKiQAQNDDAEsHhL4AKQEgY5eaHSRxxKEBh0ZKB3aRMlAAQCGCqyVR2pBB00sBgQAIfkEBQMAOgAsAAAAABYADAAACGwAdQgcSFDHESo+CipcqGMRFYYQByaJSPHJRIo6IAgcokBHCzU6BGAk6EXHjYETGBQAwPCAjkMKJFggIrCQiwgadDRgyZBBBYETdCjAcOHRJx0HeEL8onOgAQMNCIx0MlIhgCYsqhYkVCsrxIAAIfkEBQMAYAAsAAAAABYADAAACGgAwQgcSBCMAyQFEyoUqOTOwocDnRiBCDFJE4oDJwwROGTCLF4AKMoA0weMBBUJDwR5CMEAhRcYCtrAcAGMAYwUwCh4saHmhQuOGEAUAOaVkAAibAaoIBABxoFEiT4V6GNqQQdPHEAMCAAh+QQFAwAlACwAAAAAFgAMAAAIWgBLCBxIsKDBgwWlTCmCsKFAKU0cSpwoUMbAIRMewKJ4YINAjwOJgFFQQkDDBgRjEFQh4ZEEBg4bJBqoQMJAKCUgSETApksFlIcqUKAoUElBk0SlEC1YRI/EgAAh+QQFAwAqACwAAAAAFgAMAAAIbgBVCBxIsKDBgwVZqHCAsKFAJXcSOGyoZOJAAg8GZjylcCIECRciSBD4Q6ALFQwaIoDAYMJAEjlUxNwgIcSBhgREVHD5QkWEDyo+aHjUwOKcgRUeTHhAIeXEJE5UCEAwUIAARRORLLKIsMkRhwEBACH5BAUDADYALAAAAAAWAAwAAAhiAG0IHEhQ4C89BRMqtHHkzsKHA48wgUixog0ANijYmPDARgU9Piza6HOBIBGLBQRmsBEhjI0fMASGUKCAwMMDFQiGKGlDg0ADFAuwGXhowsYJQCk6SSJAoAmRA5VATVgGYkAAIfkEBQMAWQAsAAAAABYADAAACG4AswgcSDDLgjtKCipcmMUBkyMMIw6MIrHik4oDK0x4kKWCCCdSMAq8MPCEwBPJhkAAwHAAAwMvBBIRSAKGQE0cK1LIkiHLhiwks2ASKCCiiQEQamQxsFOB0wYiBSLIgiAIgqsYm/iIqtAIC4kBAQAh+QQFAwA4ACwAAAAAFgAMAAAIYgBxCBxIcKCTgggT4lhARaHDgQ5wLHnoMIkRijgEFAiAY9SoQxCUKMGo8EeMEBMYOCRwwKELHD0OFVBYgAFHHAo22CDY4QJFBAK1NMChScELgRVI4gAqsIBTkk+kKEWIhGJAACH5BAUDACwALAAAAAAWAAwAAAhoAFkIHEiQRQImSQoqXGiQhQ+GEAUemXIkIsRFjCyyAMCiwagHFRoQkKJRQAOFJ1hYGOKGQEQCh66oXHjIAIKFAlhAEDjkRYgIHzQOzEkgQA0WFRS8YPFiaQGhBUsMeGoxiRKoBRNoDAgAIfkEBQMAKQAsAAAAABYADAAACHIAUwgcSDAFACROCipcmGLBLz0MIw6k4kBiRB8WCRp44CYFBAQpEma8InDDwBMRJgQrwFDAgBQUjkkQKCbFCBIpZh4QwHBAgwoPJgi0kMKChQ+YBAKwWEEghRQkMVx5kDEFRIEFCGhN8SqjyKoFmxyRGBAAIfkEBQMAOAAsAAAAABYADAAACHQAcQgcSFBgk4IIEwpMwCSJwocCffyCCPEIRYIMKkhjUADARRwmcLwQKAEHHRwxXOA4IOBhgQMZRhIkgQMMDgoDPCqE0ACHAhwbLmiIEOHCBQsUC0DAEQDHhJEYcGCYQIDiLSMCCxA4wABHVYpPPipMwgJiQAAh+QQFAwAqACwAAAAAFgAMAAAIawBVCBxIcGCSgggTCkSisOHAI1EcSpwoEMGBQ4dUIFBx5KDDjQMxqLAQY4tAAgAUmhjAQIEKkSpA3BBoQUWPAioJCJzwQoUNDQUfSRwgUM4hl45UXPBA0YkeAQMZqJCqAmrDWrooIkzpw2FAACH5BAUDAC0ALAAAAAAWAAwAAAhoAFsIHEhQ4JMmBRMqFEjFycKHAh1MOQKxYoKKAgmIEEFAAEaMMx4UeCiggIEXAi/ASPigYgMRAkNEIPjo0RWICFo0aAGBwgtHGC60uKCghMeHeZLkJHAAwk4ZLQBAbJLkY0IHtao+DAgAIfkEBQMAKwAsAAAAABYADAAACHAAVwgcSFBgkhUJCipcuIKJEoYQBS6JEjGiAyoVCRpYUQBARoEFBGYS6AJMijReXCGISCDAQAsk+Ky4MXACRAErIFTIoGDDig4rwAi8QqpiiRUubQ68tOLFAY8QlejhmFOggQYrcEJk9HFhgiZSIgYEACH5BAUDAC0ALAAAAAAWAAwAAAhlAFsIHEiwoMGDBqM4QchQYJEWPhpKnChwwAEICAZaoTgwQgsXLmaQqSBAIgWBES4YfNFiQMMDA0NYQCTQBgYFQyA0JNDCQIOBHvpgwnRFp8QkAg80aBCgQosSEpssLFiSYkSGAQEAIfkEBQMAKwAsAAAAABYADAAACHMAVwgcSFBgkyQFEyociHChwxUJHkpMwEjiwAIECAAQ6OCJxAECLwi0sSKZwGAbHz5YocCDQBArfqyIIZDAwiArIDxQsGKDSEQEe9hcWKAEBAYiFFx5dAGTwEcrBDxc5GTFAAgCK1CogNViQakWAVCR8jAgACH5BAUDADUALAAAAAAWAAwAAAhlAGsIHEhQIJImBRMqFEjlycKHBBdBfFgEyUSCAwYMPHKxQI0rBG2YqaGGwcQDEx7SUfDAo0IEAidkEKhBoIWPNQ65hEigQg1HAznUNDDRh0ACAhNRmEChBsyLBRG8mpightGHAQEAIfkEBQMAJwAsAAAAABYADAAACG8ATwgcSHAgkoIIEwq8Y0Shw4FMlDx0mIDJkokDCyAg2OShAAICM52w4MXMjhOzBmA8oeDFhYE/Bg6psFHhgAYnJpyQMDDGCUcCayIUMIAAgQMUXpzwcEIDpksrTyQpMLDCQDlRBwoQKuAhEikPAwIAIfkEBQMALQAsAAAAABYADAAACGMAWwgcSFCgkYIIEwoEoLBhQUYOIzJyEFFACwQILEYsWMGRwDhmBJK56BABBIIWCBJpMSGAxoYPBGLoUKhQCxcYXhgoOaAFhJgtLlwamOlQxDy3CFKY0OJBgwIRkzRk2BCiw4AAIfkEBQMAKgAsAAAAABYADAAACGcAVQgcSFBgExVFCipcqILJQYYQVQCISFHgkYoCBRSkgnFgBBU7Wqg4pRGiCYEZrqi4UNCCCgMTFwYpEcCjCkQ5Tgw8RLFAARUiH6n4QLDCSYg+kiBQIWNghgkiKCZR0rGgg1pJIgYEACH5BAUDADUALAAAAAAWAAwAAAhmAGsIHEiwoMGDBpEYSYCwocAmDh0WoRKxIICKBSk8EmhB4AMtqy42RCBwgqMaGmqMqHHCI4OGAgjUoCDwgkAiNcBsxDigAY8aGFBiumSTAsmGUvQUKEFQQY0KMh06wWhwCRIfDgMCACH5BAUDACkALAAAAAAWAAwAAAhpAFMIHEhwIBMHBRMqTNHkycKHBJ1AfJjgDsKJCi9CZDAhk8AIQATWsIQxxQOBj8KkIHEjxYkIKQg8RFCiQQpNAjUQ9GDyIQABCAoUxETwJMRFTQYQIGCgR4oMKexMfJLkoYCHRZqwgBgQACH5BAUDACEALAAAAAAWAAwAAAhmAEMIHEhQ4JOCCBMOPAhAoUOBjB5KnHJEIgKBDQf6iejwIsFHZty40ZJHYggGFQRa0CDwh8BIIQY8HCDjUI8NAguFIGLhgsACEmUSZNnHpEAnIQrIRCkwgxsGRgmaCGIywZNJDwMCACH5BAUDACQALAAAAAAWAAwAAAhhAEkIHEhQYBIkBRMqNLiwIUEqShxKlChAYEWCCZ5IbKDggkALA7skmXiARAYSF8IQjCHBTYGGAgoQEPhCIKKCEwY0BBBTYAgJCSdMJIHg5UChLSA4bGIloQBFpiQ2keIwIAAh+QQFAwAjACwAAAAAFgAMAAAIZgBHCBxIUGCeJgUTKhzYJMHChwKnOIEIMYoPigv9IMQoMNPACqs4lgig4EWEgluSSUMAkaWBChsUXhlBgOIACG4yCLxEcEgBiEqemEAw4MCIByMmjGgAEckTggAECPwCEcCIRRADAgAh+QQFAwAgACwAAAAAFgAMAAAIZQBBCBxIsKDBgwabPEHIcOCvhQ0RAqBypCEChEeMRATxIhOIC48G5rGyEUSDCSAsGFwGQgBDAAIGFBwDAwQdjiULgOjyIMSjPpcuCVQgk6GUJABAFCBggMLACiUJJt2YgJGShgEBACH5BAUDACYALAAAAAAWAAwAAAhrAE0IHEiwoMGDBu8gAYCwocA7TRw2TIDEoQCHVBwOqEAwgokaIkwkkWiCgAFNJi4gGhjDRBsRDB0WIGBCwSMTK3GauEISAIISpypMkHChj4lMfUjRbHjEigkBCAYcCEDBxAOSB2PGRJjRYUAAIfkEBQMAIQAsAAAAABYADAAACGwAQwgcSFBgkicFEyoUiITKwocEEUJ82MTPxAIhACRkMjHEFYGZHoWowECKlYlBCjDoMRAGjBBb0gzBNhEAghANJmC4IDBHR4ICKrFi8EDBowt9+lx6xGAio4whEBQ4YKBChUMQmyT5qZAjxIAAIfkEBQMAKAAsAAAAABYADAAACHEAUQgcSFCgESRLCipcKJBJAoYQBTJyEjEik4QMgwgUsPBORAID+6iKFAIFGx9JKgJAQOCQgggFZzxgUFFgARQUNggcA6NQn0dDaEYEsMAIAQMTrjxCcSEUigARpTARCEAAggIHGgQwEDEJxZoMvzIMCAAh+QQFAwAeACwAAAAAFgAMAAAIawA9CBxIUGATJgUTKhRohMrChwObSIH4cMmUIw8RFPCAIKEDhAsFKNwRYKMVih4EFDBQ8IRAN2xQAkBAoEELGxYKjfFQCuXABE0KEDAw4cojD30yjYKo5M5AADMLlIBwAKKTJj4TAqACCWJAACH5BAUDABsALAAAAAAWAAwAAAhwADcIHEhQYJI7DgoqXLihSRMADCMKpOJDYsQFEgVsGDBAY8ElVCQOEKiq1EARAo4ksbgBAAIGD67QIZJDYBqWA10SOOQlEp0ckgqpahMMgUWIAhAQMPCA1KNSqiZIXMSkIICkr0ZGNFIVp0IjKyMGBAAh+QQFAwARACwAAAAAFgAMAAAIZQAjCBxIcCCTgggTCnySRKFDgQmmKHnoMAHFAgQIIEDoh9HDAgGWRVI1kAHFggIIGBgS6cQJgVuEETgpEAACAl1YnigUoVSkBzNPAgAgoACDQwoiRVBAs+BQRQIeNmmaMImThwEBACH5BAUDABIALAAAAAAWAAwAAAhmACUIHEhwoJEiBRMqlNBEycKHECMSjLLk4QAGDAoIKFjxIQATDIYIjCSBDDYTEpxIFDiAQLAdW+hsIamFAcqVABDoYeBmBh06qiS0kYZgpQQAOV0OWRZRCpWFDgBEvGM04ZMnEAMCACH5BAUDABMALAAAAAAWAAwAAAhlACcIHEhwYBIABRMqnHAnycKHECMSZJRgIQAEE6QxGCCAoJ8mEAEQmKCqlKoJXtww4KVE4gQAFwm48hIpxoRIM3YE4+gSgJMFMr2UNBlJmsSKAmEiYCBtFMQjLqNKnWAEycMEAQEAIfkEBQMAEgAsAAAAABYADAAACGUAJQgcSFDgk4IIEwpM8KuJwocCAdyRAhEik4cCCFQ4FCxYAQEED0Ic8CCSSVWRvIwKsOpjxYgIGJCZsUUCHTrJhhxi4PJlgozCkkVSJVDBSwAFAQgocADikpcPRUJFiOSiQgABAQAh+QQFAwAcACwAAAAAFgAMAAAIbwA5CBxIkEOCX0YKKlw4MAnDhwOpHIEIkdFDBAxGDRnVgwGBEgMQOHAIEYG0NhxUlaJzIpIEMocYhBRAUQABV2o4bDmBiI6qSApcMShA0QoHAAiw7WgT6dGjKxQNKgRAFWICRgmiLkzCRCvDOxADAgAh+QQFAwAeACwAAAAAFgAMAAAIdAA9CBxIUOCUJgUTKhR4R8nChwITNHGw0IQAASYQIBBQsAmAhw2GXBmpgEKFCgzm6CkQhKNCASGvZNKAaMwYRBceXRlSwcCBAi4TAhgQoIYagScQFQqV6VFJiB6eCBwa7MGQIaRIQd0KkcpCRVCVeOVKlmBAACH5BAUDACsALAAAAAAWAAwAAAh8AFcIHEhwYJKCCBMKZHREocOBjJYoLECRQIMGEAgQGIAg0AoBDg0oeETy0YYXGK5s4PGgQoMDBRCAHAiAwKiRfVYQIXECEaILFkhemWCAgEIEIiqsmLHlRwxEOVdkuvJwRROaCBgEOyTNVVVGVcMmdFDVx4oEYhEaOeswIAAh+QQFAwBCACwAAAAAFgAMAAAIggCFCBxIUCAVHwUTKhTYZMlCgQIQSJyIQIAiJgkWDiDAIMCECRVEUKBQIUCXBgcIFKg4UAADIY5iXsBwoaZNCxIUgGxAAMFABB4lWDjxQ8gPoifAWBDy6NGLCQ8NNBBCZsYWC32YXhGC4aFCAAAEiBXgVcidImXTJlRU9ojahU3KBgQAIfkEBQMAYgAsAAAAABYADAAACKUAxQgcSFBMmVosCioUIACBQwRBBPwRs0ChQIcDGlRo0ABCgwAfu3Q8QKAAAgECCTSg8ODFixAtMHi4MDPCBgUZJlBoUBIAgZZXXoi5oIEOHQsRklq4YCEOhhAPBgpgcEhBBAtiboj5QeJGDDE2QkzIMMyiGAEHDGhx9SCEGQwWrihQMMEsQT8FAegFYFcgFbx9zfphssSig8B5ahUObDGJmMNmAwIAIfkEBQMAQQAsAAAAABYADAAACKkAgwgMIgCBQYMmFOlZMLChwIIE2EAgEBEChAZdIDAgMKAAAhMCghQowIbChAduJkh4IWHDBgUTTlYIMBHBgAoxFUjAEEJgHCgaPnyAcuFChA0TKIgMoOBFEAtBTuTIQefEFi87WsR8MKpHwwMGJmyIcGLgjaga+rxQ4MipQ4EACATpIhCmghASHhgY8Pbtkr6AGyaI4iCw4SCE+yo6fATJkcOApTD5CzggACH5BAUDADwALAAAAAAWAAwAAAinAHnwMIFggMEBBAiUgBAAAgM2BAYgMCGAhwAEJQJUENGAQoghIUJOmPCAQoUGEQsOgMBDwcgQGDx8+NDnQoSbGCSEmFBBoAIeEzBEELoBiA0JGyQoFflAIIIGLXlEsMBjxIgTP27c2OIihMAJGQQKJMCAgsAYWXn8+BGjj4YIL15MEEvXIg8GsAQOeVDSDQEBAOoKHkyY8JHCiAUeTsy4MV0fVBYPDggAIfkEBQMAQAAsAAAAABYADAAACKQAgSAYUAKCDAgVHjxowbDFAwoVKkAgMAABggIQJjx8sAEDhggXLmDYIEGCghATKDQgQABIBSAKWgABAjIkkJAWIsAEQqHAzJkSaAIBQ8eCix1u3DyI2ODQTwYTdgLJAQLETBQgTliwoGDClRA/ZyJ8IcFFjJlbUkTw8OGCggcHwsqdiaoGkKUGZBQAAGCu37+AAwsOmw3IpMGAfSCeywKJ4r8BAQAh+QQFAwBDACwAAAAAFgAMAAAIpwAFDIEQoEGDCiFebFCgYEOIEAsnTHhQocGQARYzPJgwZMiFDho+hNQA5QIGBRRLQLA4BAPEIRs22DCzo8WEChUKigjQseODDUPADDmRI8ePE1tUmAkhMYSCIUF6Su2I5sYQMUQQaQiR4QWFqQwobMAAxMWPLWRs2MCAwcIEAgKndizAoCdOCAQQAJDLt6ODvoB7/iIUGLCfIVIKA6aSWLHcI0YWAQ4IACH5BAUDAEMALAAAAAAWAAwAAAimAIcMaPCgQoUJQzZguHAhToQIDCOEQAhhyJCKQxBa9MDwQgQMCihUMGBABIMhDQJYTChhQwggO2oEqOGGQkEKEyggCJBhCIUQFunAyDJkhJgbMSxEsCihxRAEK6Py6fRmCIgfFi4MiSBhgoyVUFfa2GBjyIwaQzC4lMBAAICoYA80MGDRzZACCN7C3cu3r98hUaT89btkihO+DgYP+XVLcd8mSvwGBAAh+QQFAwB5ACwAAAAAFgAMAAAIogBN5AkwgQKFFnkwaMiT58MFDC0oBIPQoAEBhnkeYMQgQUIEGzwMVqiQp0EFChAuYowgAYMZFxZSbPFCZkeIEBMUbAhRUgFGG3lyjMDxIw8KMWEQYQwBgWFTjHmK5qkz4saWCBEufAhxQADGAgxIhtgJJM+OPBLyKHhQQQAAqBgRQHBDoQKajAEQeIXLt6/fvxgXAf6bIMrgvw6oJDn8d7HfgAAh+QQFAwA/ACwAAAAAFgAMAAAIpQAF/Bj448EPCT8uRIggIQSFBg0g/DAAYQBBChN+tPixIYQNLQEquKHwgALGCRslDozzI4IKCydinkjhIsLAEBMqDMxIMMXAHFs6rSDRgcOPEBsqICD4I0MGCwRB/AAx0wYGm0oBDBQwoAKFCi1C/DBzg4edmwFKaGU6EAEBsBkmvNE4cC3bu0yP4N3LlgrfvwOZJMGrCPCPJk8SGL7r4MkPxXgDAgAh+QQFAwBDACwAAAAAFgAMAAAIoACHDBEx5IFADEMiDAnxgEKDABUaVHBYYkgBgRkWCjSzo8uQGjxawHmgYEMINwOGNGggcIgNFydywCBx44QGCxMoDKlwsWUFgWBggDihBgSKHB86XMAwgQCAlkMUJGzJp9OQLSpCbMCAocDTlgQE6jTTwqfABxAQQG1pogAEChtMCpzQQMDau3cZ4d2LVwnfv0OoAOabYEiTwXuT6HGwNyAAIfkEBQMAQwAsAAAAABYADAAACI4AhwgcQmFICAkCzbipYIdCQQoTWrQgIGDgkBZDJIQYoqVGDS07zISYEKKFiAEFCAyMEGEIGC5cRoAQM6bDxQkTBlS0ODDLkBlkhoCwYKHPkAgQdlqcwJMPiRlmMIZ4AICnDIgPBqoY4oYCBgknq/IceCCrBDOD3LSAIHas2yEJ3sqdS5dn27pun+DdyzMgACH5BAUDAIcALAAAAAAWAAwAAAimAE0canDowaENCG24Iejm0AQKE0IMFDjg0KEhBzfsUEEmRQoVYCI8PFQBAQAEhwwckogBCB0ch0CgAHGIwwWEDQQAMAGhoEUXMUYcIrMFxQ8wEiKsNAHA4kCHFsE4PfRDyyEFIR5UPCTAIk+DLULsOOSF5IMIIQh0neoUwYCehyIAsThhK9u7FgUI2IO3791sfgM7ZdSEr2C8SQ45OHy3yKEnZfoGBAAh+QQFAwA9ACwAAAAAFgAMAAAIoAAF9BDxoEcPCT1C7BAhp0aPHS0mhGgBwYTAAj0ewDkYQkWKGCdOxNCQccKQAQINQki0oUcEFTmy5OCzgsSHDi4pIADQA4FBChQMClVzA8QWFyEwRJDBU2hGoRZ6dOokZksNCRgoQGjaFAGDCT0mtDC4xeAECRVMNHXq9EDQHl561KiQkq1dpw7u6rWbd6/fHgmaPEnwt7Bhpwny6GGhNyAAIfkEBQMAPQAsAAAAABYADAAAB4mAPT0Vgi09IWYBcgFuZiEPFRMQAgAAgg09CnA9OykxOSQ3YR2HIZOWAgODgj0uODg/PSAxFxc9NgiWPQI9D6w9JyB1byA/KiGHD7q/zD03YkQ7DxEbB7zMAhA9GawhPyc9Gy0Fy82CMoIYaW8VEOXmrNdHSA7w9qxI9/o9TUX75nn0lPkHzwe8QAAh+QQFAwA5ACwAAAAAFgAMAAAIigBzlMhBMMSGHGTkBKixw0WLChMoIABAMMcAgnAM5ohRiAQfEh0IbpgwsWIOBjkkYLARI8uPLShIgMGAIUcFiiYpmCxEsE6OLWZabHgw0KRRk3ViQLwgEadJE0Zb5LixhYKEBgKOGiVwoEIICVtyyCmgtWxFH2bTGk2gVmuRJ3oWtD1aZK5aQmUDAgAh+QQFAwA9ACwAAAAAFgAMAAAIlQB7COwxYUMPMzUCaNkBJkKPBz1kCBgoMMCEFga90IEBAsUYDRowYCgBYKLAAhAoYOgB5MSILT96nHARQoKNAhR7EBi4IQUMFD06kdDSI8QECAByCpwAsQeYEzFTBIAT4UBSpQiW8hSTZkKIAleV9jC5cyAaNibFqgWgxIjatxTdhoWb04GeHkXoinWgFy6hHl8SiA0IACH5BAUDAD0ALAAAAAAWAAwAAAiNAHv0CEChh4QQKgLU8OLlQg84Ex4gACBQYIkKFUOkKDQCBYgwPS5YCGGiB0WBA3o8qJgjC5kbIFKY6bGhxcmKJXpUWFmxE4gfNTZgCICgolGVR0+IUSFiQ4iiR49mqAimx4wWLQRENQqgQEqBG9CgqnRzq9k8TcyqrchirVuBSRZEdfC2rtovPfLs2RoQACH5BAUDAD0ALAAAAAAWAAwAAAiAAHv0EPEgxAYzO3qoSGFBQ48QISAIEEixYg8zMXKA6EHiwgUMPRoAsChwgkAXXHJ0EUNCxY4NLSCQJFChxwQbYEZQ3OKmhwQCI0kK/XGDh88AQYVSbGEyBh8VPSokVdqDAEUgPWCZoCo0aBI9XMP2ICSWah6hisqeLauU0AKhAQEAIfkEBQMALwAsAAAAABYADAAACIoAXwic8MLGixo1tmxBJHBDCwQABAo0AeFFixASXtCBgWJFjhcYCiKQSLLBi4wpspyoAeKEmQkhKpgg+QLAAIEKgMQQyGcEmRYWHtIUWECEwAcSt5yo8GDDzaESTSrI0OLFiRdkXhCASlLA1gMCXXTCJYArVwEAEhgxy1agD1ZtzZaJS7cuTRZsAwIAIfkEBQMAPQAsAAAAABYADAAACIwAEfQI0GMDhoFaepzQ0AeDhAoCekicKHHChg0qTozogSJGBAk9WgCgKJFABQUbbFgYsWVLjzQ9FLSAMJJiRIkpe4DgSELLgwsQSU4kSKFFDws93sQI0KLFTaE9CoiQGEIikZ4UBEKdaKIHBAIT6+yquZXkzQW4jJQpy/aWLT1sy7Lo8SWu3btb50INCAAh+QQFAwA9ACwAAAAAFgAMAAAIggB79KjQQkKPHSJ2CFyIgQCAhQIRCCwYYobAFSB6bNAoAuLCEj1CCKSThcyPEWRChKgwwCNECgbp9ODTI4cbgQ5d9hhQYaEFiBVWPtQpMIBHEjfciBBAFOKBBgyMzkDzpalVB7lwObBKNEEeViy4WtVTxuVWqyxw4aoq1uOCqoSIBgQAIfkEBQMALwAsAAAAABYADAAACJMAXwyg8CJCBB4BZpxA9OKChBAIXkicSPGFmRSFQLwgYSEEhhADKr4wAUFiCCCFXri6QYLHiw0NTIgEIHEChhcnJII4UaFFhIgiJQYgWDDGixtgAmwoGVTigAoSN7yAI4ZIBQg0m05k2qBFmhcstGoVsMDILbFaF+j6RQit1jyEilQUoAitgy95yrgNyiLPCwdBAwIAIfkEBQMAPQAsAAAAABYADAAACIMAe/R4MOFCjwoCBfaxgKGFgIQQZTwIIXBGDoE/IvTY4BCiQAQ9KGw0c7ELiB87BBIA4NGjxoudesToEULCw5Y9CiTkAabHjx4uGvQggFOgAKIQzSQsURQiyB4GaG5BpagpzqcO9BBaYLVoAj218nTFWSQPrjx7xras+sWB2qIsuLYMCAAh+QQFAwBDACwAAAAAFgAMAAAIhgCHEKAQYgiGAEO2DNFgcEgFAEMiShxyYIJBFRFRoDhhY0iIhxMlNhgCJyKXHMKGnDCzIUSBkBIJeMRgZgiKISNSBNjQAiLMiA0qDNmhUmIFlz8llvgZI4DMpBODRmwR8Q9UmAJCskhwNemePHq2doUJgNCQWw5C+rzK4laesT+5fhnCFWZAACH5BAUDAD0ALAAAAAAWAAwAAAiTAHv0aCGhxwYRNXog6nFBggQIAiNGhJBBQgQzXmD0ABHDzIYWMiSK7BGiIIwfM3rMCIGhBYKRPQT0oBARBp8eJHo06FEBZsQAhyaEsNDjRg8bAl/67HGAwoMJSFUIbKB0aY8CASgE6LGjhyEHVmGaMBERQFiYRXrkcWD2rEgWeQildSuxjB49LOhKXJBHT4+5IgMCACH5BAUDAC8ALAAAAAAWAAwAAAdrgC8QLxgvIS+IL30RGzYDiZAFhpAkK2JgLS8Pj5CJEG4vG16IWy9kLxF2Jp2eiTaJMKMSg6yQFSFmLz+IQC9DArWeD4gYITMvYMG1FawLysEIAiwvZQnPwc7X2iwA2qwOXywO3qwsXy/WrIEAIfkEBQMARgAsAAAAABYADAAACIUATRiBE8FICyNaYhi5gMFICARGIkqM2MBIwR0zRhgh4SJEiAoQJ0YsYGTCBiMzuBj5gXBhAAEiJz4wIsGFkU5GcqgwAoRAzIkVKGwIodDIlogHf0YMYoQCBZpGUcSAoHSigAFGHlSIeANW1a8SHQAAS7bsxARGvpj9GcvIgrUTFbEQ+zMgACH5BAUDAD0ALAAAAAAWAAwAAAhyAHs0mNCjYAAyBXts6NFCQMKHPSr0uNCDR4oeKHIwFOgQYo8BCYGkgNHjBomEEDwWRAAxS8IdCguoLAjyQQ8zdCDanNnDoZseDzAUFHOxI88eBHoQ7KGiDpqjEI0i+AK16pcFVT1i7VEmq0pZXlV25RkQACH5BAUDAC8ALAAAAAAWAAwAAAh4AAW8gPPixYOCLzRYeBHCFcKHLxA8rPECxIsTNia8gADxYYMQEjrWIEgAQEeIG16MqMPnocSTLwhQaPECyIkXdRBWMAnTxIsKB1+YKehCBk+YESHuuAHLAVKIAHwW3FWL0FOkf15YvXoywVOnXF94DQtR0YsFMAMCACH5BAUDAD4ALAAAAAAWAAwAAAh0ABH4yIDBRwVXOxD5iBDChwgAPiJKnPjBh6stEs1k8EFg4sQCAXxgMOODi486N9w0HOCxZcsTPAI0dDkxhISIN3ykuRmSpg8BDCRG8OkTQkQKElctIOpRYMQ8t74wpckCl56pLhcQipigpaKpLLDSLPOVZkAAIfkEBQMAPQAsAAAAABYADAAACIAABYiYECFCjxoqwlyQsKEFhB4QI0akEDFADz4gYvSA02MAAIkREVSACKQHjh5ifvBoYaEAyJc9bIDpcQOkAJg9BEB40AODxBkbejzECfFADwoUbZwgAcQoUYkUHwQgA3HPU4k3IQbqoYfFVZwO8nj9CvNLV7IvWeRBC1PRH6IBAQA7"> 
  <img src="data:image/jpg;base64,/9j/4AAQSkZJRgABAQAAAQABAAD/2wBDAAYEBQYFBAYGBQYHBwYIChAKCgkJChQODwwQFxQYGBcUFhYaHSUfGhsjHBYWICwgIyYnKSopGR8tMC0oMCUoKSj/2wBDAQcHBwoIChMKChMoGhYaKCgoKCgoKCgoKCgoKCgoKCgoKCgoKCgoKCgoKCgoKCgoKCgoKCgoKCgoKCgoKCgoKCj/wAARCABeAI0DASIAAhEBAxEB/8QAHAAAAwEBAQEBAQAAAAAAAAAABAUGAwcCAQAI/8QAMxAAAgEDAgQFAwMDBQEAAAAAAQIDAAQREiEFMUFRBhMiYXEygZEUofAjscEVUtHh8ST/xAAZAQADAQEBAAAAAAAAAAAAAAACAwQFAQD/xAAjEQACAgICAgIDAQAAAAAAAAAAAQIRAyEEEjFBEyIUMlGR/9oADAMBAAIRAxEAPwD+drWM3VsyuMaBkSHp7VkluZAT5sZbIABJDHPX4/5r7bSA27wnIydW24r3+lkBDKduYwf8Vc0pJUiW6bNGs3yCQq5GQCelaJCZAIicEHbJxX2CKPyZBKX1tjyyGAA33yMZPtRtibVIZ0uUnNx6fJC40Zz6tWd+XLFeUUC50HeHuBve3R8yRYIIxqkkcFgqjny/tT3jFlFw7g9wltcRTzyygT+TkqAOQ5V4sES68P3OhpI5Y3WQaSNLYGCD2wN6To0sTkglQCNid9+uOvKrIpQjVeRTne0L7eFml3wW+kGiktfLf/6lxhhlTnb70z/RyXEnnZCy4yfTgM3Mfmi5eHuz5hZp1YD6lOxxy/O1dWB+hTzJ+RKLcoI9biRfqCqcjJPX3OBRNna3M5dUyFAyxbGld+ftTCO08ucBh17ch3pxFaQxWsiTq7SuV0jkQN+Yrqwi5ZRXb2STPHGSztnLFhgHvv2FGWNu1vxLU+WQnQx0jTp5fYEdedUnDPD8lxDJIkOhQoy2+389q2l4fcQTxxcN4Ssr404kiLO3vjOwpyxUrZPLkb6w2yI8Tu0Nw6tBh19OWfUSOh7YxjFIZZ2Yj9O7h1QDKDBO29VfiK2vBNOeJ60ddmBXGnPTHQdB0qVfyLdvUj68HZuRPTl0qXMn2sr47fVX5F8lyxZWdRI2dydj+1YXN550muZF0tz0qBRF4sDuf05fQRyYYOffFDcQ4fdWtjZ3U0OmC7DmCQEEPpbDfBB2xt0qSTZZGSPEsdtdDFsrRyEAYL6g5/xmlDr5TFWyp7ECtwCu6k6e9FFrW43ulPmjYsN9VLf2HLQNaxl5NKAkn+1H2waKVWaZFdDnvQ0ACR9Bq2DE/wA2r8jL9RoouvAl/YZpPbuyKyHSMjVqwPvtsK2t50kzqt8nYAqaWxgAkZORuRiiYGB55HYU5TbAcUiktZXVFkeRhywiKP3rYwPM4YoAB78z/DSnhrusuVc5Haqe3XTChIwW3xircS7olyPr4GPCLNZbIqxDY9QQHfNFm3MSqEBz1PvTHw7YtdTwtCDrJGkY96s7vgc/meTLCiDTr+nAwTzJrUxtQRkTzpTpshrazEj68kFj9RG/2p7ZcCM0zFY3ZQMs4HqNUVn4WQIkjA7NgZI/tTe+FpYCO3DFmVRqCctXv/7QNxuo7YqfKS/XYvsDFw6waGOTRdE4BABKp/jepbid/wASjZ0W+mbUSCVbBZexxzHtVykEN5buY4wNsFXG5+DUtxfhpEMqQavL29PY/wCKHqpX/RWDlXPegS5t14r4RurW4VJLmBBPbs5JZY1OGGef25bVxniUDwlo5F9JI542HTf71afrJ+F36zWzFBHKMoxJ2PQ+2M/mg/F0ccFxGIbdYYbqJZ1TGrSCSCATvg4JH2qDLC7NzFJqvZz1l0nYAlWxj/qh7hT5LgscDJx/P5tTXisH6W6lCtuFHqHXI50p83JJcZYcj7+9QSVOmXwdqxYy6tKr9ZPTrXh1e2do3Vg6sVZSN1I6GtZ9OTjP2oKRyzEtqZupJqduimOxsrQOyksQxGCei0VbWQZomgnH6kv/AE0U79xv0OaUIdTDBwNue1GWl20DxugGtGyDTItexMotL6jC3s5blysasWH1Y6e5NF/6VPCh1RsQN9S7j5zyoeXiM0tqIJGURatWFXT/AG+aYcJnLpIusoCunPTHUVRCMW6ESc0rCOH239TG3c45VSxRlo0MhxIOXxS/hsfkprK4Qkcxsfij7TU0jyhs4OBjqe1aOGPUjyNtnT/AAgIQBc3KoWVe5B6dtqu7C9SdUt5YDLnJy+xUZ3H5rmvhWSLhkcckqSS3OdTYfTp7Z+3Srng/EbXiYlESFbl1OxOR3/vVOeGraMKcH8ja2CeJeMfp7iRIpVjIGkKu5HsPb3qXtONymTM8jlMfSevxSXjVzML+RXfZG9RJ5dqWJfOZdnJI3Jzzo41j0Wx4yljujqXBL5biZUTCZIXIzgdqY+JrUxhSoDMy+vHepXwRme8XIyCqk+xyKe+J+IeXcPHHtIx9X2zzoKbyKjMyYayVHyc98QcNL25mGkFgSCR2O4z0qa8TQXEq2UxBzLDHGnYtywPwKuPE7+VZmEABY4xnr6mO5/naoJZVubeRLmR2t48uxLbrjYEDueX3peeK/wBNziybu/RMX4SS/m/1BpVURsuUALawCFBHbIA+M1MTAqWzn0nrsao70CeGdlZVYuFyTjbfmfnFIbmKSO3jkZWVZslHYYDAHBx332rGy7ZrYtIFnlWJbmMRxv5oVfMK+pMHPp7E4x8GlTNvhsZFMrv1YYspDKNx7bUs1FWIB61LMqxrQUzq8jMsYRSdkB+kURAjucqhKjc7cqGiCu3p/FG2B1TKDnAGSAeeMmjitgy0jeFWdgi9TsM9ad8NKRI0mBJ5YXptk5zmlck0Stqt1ILb5fcr8Uy4O4Ikj5iWPGfcb1Vi0yee1soVuAyJE4IP16j3NFcOm8mca2JXOT0yaRCVWl0xsDjCg42batorgk4JrQjkpWSyhui/lRppIJbKVpI5PqyMFDzwaOtXvN4IJGEki6W0sATvkjP4/FI/C/E4BIiXCsVI0sFP1D/mrnw1b8EtZheT3LSeXuIWXAPz7VX8lxtGbOLU2jfi/g2JLK3vZWuJ7mZQZNx6mxzFJo/C7G2kkjBHqC6ZBjArtPC+I2vHLNY2jizjVGSuBnsPtS+74LK18DpWW3APpJzpPapYcnbjkVMVN5IpdXaJfwhwf9K5lkVgqjLN05cqx8QwQpcSyySaiWy3TbsPfpVtxN4bLhccfl6ZQDoCjYn3Fc94gsru0t65UZwF2Gafgn8knN6QiMJdreyc4jb3HFEuIrfSZ5fVoAJz0AFTnGuFzWXB3jkWPzywDYx/TRRtq9yT+wqs4jczQR+bw6MgowK+/v7/AL1AcbuJ5TPLeSAIwICKMZyc425d69yZWaPFg17I7iiqkAVSpVT6sHr0pLNq8sBmOgcgx2pxcqHyMfSC2wzke9LkgM0pZmBjUZYAYxvy9qxJrZrwdIHntJLibyLaCR5QCAsQLajuScc8Adu3zSfSGJJAI6b04v75nvnlgcxrp05TK5GME/ek8pUtux+wqedWUY7rY58GR8Ln8QWMPHZJbfhrEpPLCMsoIOGx84+1DRDynlYgMqnGemKBikC7jANEQykOVY7MMV2MlSR6UXbYQr+Z9O//AFTXgM0a3SiTodsnAH3pdwniFzwTikF5ahPNjJK+YgZWBBBBB2IIJFZwXOiUnAAO2B0pkJU0xbTdr0Opna3uGC7b8wcg0ULoSSFiwBO+MdaEt7mJ7by5hnV6VkAzt29j7jvX2K3g8wA3SiMbNkFSPjaqIyfoVKN+R/ZXOhQ2oZ6NmnFrfMXXMpP71LWwiTldIwPTQdxTu0SJCuJYmQ+olTuPbFU45skyY17OmcE8S+TYyLAzRoqA6iSfVkdOlPrLxbMER3mfQ2OR2zXKI7tYbFiu2WHLmdv/ACtl4ksIRGcAkA5B2xVnaL8kf4qS0dak8Wxudb7zE4DOSQB3xU1xDjiW0zGdFPXUrZGD1GedQN1x147lkZRjOwJxv80BfcYkvV0SN6RgBYwNt9658kIp9fJyPHk2v4VPE/Ett5UgTz7iRsBVKqMc/mo+84pDd+YbmWdGbG5wwGOm2NqS38z/AO/VgZ2OcD37Uqnu30rk8u/X5qDLyW/Jo4uNFLQxup7aGZ9PmTE8hjT/AO0oveIPKApBEYORGNh+K8NKAx81XB6Abfffl0oOSUaySTjriopzbK4Y0vJjM2VXSdzsRzoUEb5APycVtK2ss3pA/wBoOPxWSoXyf7Gp2UrRrE6RSIJYtaowLISQWHVcjlmvLMplfyxpTUSqE5IHQZ64rDcEknNfA2llO/2OKGztDKK4IRdbA45ZXO3evWny3J1LkHGAc5+4pcJcg5FbwP6tO+DsaYpWA40MDdFZZGtgYlJyEDFsfc1tHNIqBmlKg7ANn80uMmXYINIz3ryWYdc570XagepQWc0wxpxyyMDBIpzZzRtLqedYsnI2Ox+3KoiKY7Ak4FGrKcqMnHWnY81C5Y7K674hHqSKFtSRggkbaiazu71JLs6yURFUZXmfikFlKz3MKk+gsNsV44k5hcAMTqTUem+TTnmbVi/iVUOr/iYlnLEB1wAAdumM/wANLnusSnSc6dtQOx96WxXLGMg5KjfBNe7hGRFcttJGJAB0Bzt+1KeVvZ2GJR0NTMtwdOUL4GxO+e9Ay284JYxHfcbYGKDjO22wJzXya4coN+XM9T96J5IyVyWwlFp6M5hIreoHIO4bNZGP0FmJXI2ONj33omG8cCQSASI6hTq5jtj4rMWxeFpdQ0jG2N9zikuHb9Rqf9AQzRMSBpIyOXesifcfiiJYgq55k8ielCMfUanknHTGrZ//2Q=="> 
  <img src="data:image/png;base64,iVBORw0KGgoAAAANSUhEUgAAADAAAAAqCAYAAAD1T9h6AAAABHNCSVQICAgIfAhkiAAABnFJREFUWIXtWWtMU2cYfs/pBWpLC4VCgXZchAmVITJEATduXthM1NGKOhY1SozMpIi6BDdnopn7owZUFuMEgWQGBJxLFJA5FDRe8AJ4v5RJkdFWQHpFoLTn2w/TBRtuPadsMdnz7/u+93mf9+nXc77LwcCJoDE5XH7E6rUeocuWsX2johgcXyEAwIhJrRlQt7VpFTU1/Y8qK6zDRr2zNDGnJMFpdGGsPNc/cfe3dBbffaJYy2C/rrvphx81t47kI8JqoaxNNQHd1Z0fmlH9Ky84NdERnv5FQ5OiUpZuGdL1U9GnZABnst0k6xubOP4xc8nwTao7rY9LkxIJ84CRbA00skQAgODlxWUeoZ8tJstnuvn5MrniIO3Ts2fI5sDJErlBKUu8IjNXk+Xb4BWZuZobmEz6RyBtwG9hXh6G4ZSfIQzDMb9P8vLI8kkZYLC9fXlBKQ49tBOBF5SaxGB7+5LhkjLAEcfFYziN9OzZA8NpOEccF0+GS6oIV/fgYDK86chJygDGYLmQ4U1HTlIGzDrlSzK8iTCs6+gkwyNlwKBsvIwIK0GGOxYQYSWMyqZGMlyHDOB0FhsAwGxUdRmUjVfJCI4Fg7Lxqtmo6ppKLM3Vne8X/82uyC1tD0SJ3++jT0bA6a4sj7CVUu/oTVk0F3fewxPz5gIAaJqPHHF0/zMWECKQ5ubhw5PFuXgEhQhj5TmC6I0b6C5cDgCAqyA8bFwDLIEk0js6K8sr8qtMBlvAt/W7fZCQaHx5rUn77NzZAVXLPbZf9BwqBt6oW+9rn5//bbxxjmh+gm/c9u0e4ekrcJz+ztYHpzHp76ykOGMGx3N2xhpBdFaWmzgudqyVVquou/js1OdLAAC4gcmLw9f/UU92RUaIQE/KFi01KC9fHN2PYTjNI2xFujBuxw7uBwnzJ8qBAQDM8Imc6xOzJdszYs1qOsuDO5noo6L4BFN38w0AgBBZebVXxBopGQN9DyvOtFevldnaNCaHK4jasFG4IEfuyg8JmkoOutdHmeuDvygttp+e8YBhOMbkif2huxkAADov5MrdZy5JnewgYw/LYL+u80Ku3NbmiOLiw748V0Of4elQHlycun//VIsfCyMmjUpZK9/mCAchAilr5dtGTBqVrc+FJ/J3tHgAAJzJE/s5SrJH34NTZX0PyqunGv/64ekzfQ9OlVHVBQDAKW+JMQwHAOioyd48pH0x6Wo6pH3R2VGTvXk0lwooJ/BLyPsOAMA6pNcqKjMyrJbB4fFirZbBYUVlRoZ1SK8dzaUCygZEyXv3uInjPwUAGFDfvdVZK89FiED2cQgRqLNWnjugvnsL4O16Ikreu4eqPvUppDHoIbKKcgbbWwgA0NNSdKznzvFi+7ieO8eLe1qKjgEAMNjewlBZRTmVl8c/+lQTAAC48MR+oatOV2E4gwkAoKzL2ap/0dBkG9d3XLqirMvZCgCA4XRG6KrTVUyuiNQJzB5OO1VxA5MWBqTlHwUAQMSIWVG1Sqprr2/Qtdc3KCpl6YgYMQMABKQVFHIDkxY6S3fSzZwjEMZu3TzY9+TJq1s/FVgGta+f/pK2aPS4z7yvc4SxWzc7U9NpM2BDwNL8A4I56zbZ9wvmrNsUkFZw0Nl6Tp0BgLcPdfDKkhM+87K36DsuXQIA4AWlpLD9Yz92xjWMPZxuAODtfokjWhDDES2ImY78o+H0v9C/jf8N/Nd4rw0gRKD32oDlTW+/wwYIwmK1DukNtrbZ0KV2bllTA0IEUl07cHDKr1HLsMHU23KyVNN8uGBYp/zT1t+SHyByE8Ut5EukUn54erqLe6Boekp+C0RYCX1HQ+Or5sJC7fNzZyc0gBCBzIa/VJrmo4U9LUU/W8f6noUQYey6fsXYdf1KZ/3ObRz/mAV8iUzGD5emu/JnBjqlaESgEaNK09tWWtbTerJ4WNvRbhsb0wBCBHqjarmnvpmf//pRVYVtIzYVKVP37Rum7ts3Xl7M28n2jYrhS2QyvkQmZXl+ONPRwgnriEXXXvd7b0tRkU5Rdx4RlhH7GDoirITtrh8RVkKnqK1X3zh0yKBsanBU0N7MgLr19oC69XZXw+68GT4RUXyJTOYZLpWyvGfPGp9FoGFdx8ve1pKS3rbSErOhe+KL5ODlRWXzdulMQcuOnXD1nCWhVvTUwBJIIkWJe/ZFZt9/bOvzmLV8RYisopoXvCjNkbPy3x4ZY8e3kFBQAAAAAElFTkSuQmCC">  
 </body>
</html>